
> personal-workbench@0.1.0 test:packaged
> node scripts/打包验证.mjs && node scripts/项目近况验证.mjs

(node:14724) ExperimentalWarning: SQLite is an experimental feature and might change at any time
(Use `node --trace-warnings ...` to show where the warning was created)
(node:14724) [DEP0190] DeprecationWarning: Passing args to a child process with shell option true can lead to security vulnerabilities, as the arguments are not escaped, only concatenated.
{
  "asarSha256": "eda821af47d3d46a96cdaddcb89b421ab60599d3f02631314ea23fb45573088b",
  "platform": "win32",
  "node": "v24.11.0",
  "head": "5fba3cb0ad3016f5c2f259e668f97699f7c7c80a",
  "executable": "D:\\AI\\Projects\\Workbench\\out\\win-unpacked\\Workbench.exe",
  "sha256": "e71e7150418acadb49b6171c1b21ce7ca8dcdb393558fac44faf26228f06d98d",
  "userData": "C:\\Users\\MRVHREVO\\AppData\\Local\\Temp\\pwb-packaged-EDUgef",
  "checks": [
    "AC-01 packaged Today without dev server",
    "AC-03/04 normal UI item/vector create and overlap rejection",
    "AC-02/05/06/13 UI lifecycle, rename link, Today projection, source edit and acknowledgement",
    "AC-08/09 packaged backup, invalid restore rejection, valid restore; native file pickers stubbed only",
    "UAT-AC-01/02 title-first timed cells; day-only GUI create/list/edit; no persistent day list on Plan",
    "UAT-AC-02/03/04 single delete, multi-item edit chooser and exact same-day selected deletion; unselected/other-day/Vector preserved",
    "UAT-AC-03 clear cancel unchanged; confirm only clicked date; right-click create date context and explicit edit-date movement",
    "UAT-AC-05/06 distinct read-only Today Vector derived from Plan; Scheduled Item acknowledgement unchanged",
    "AC-11 real Tray click event shared handler, close-hide, existing-window focus, explicit Exit process code 0",
    "AC-07 packaged restart preserves restored state and same-date acknowledgements",
    "PWB-002 AC-02..07 normal UI daily/weekly; moved original identity; single delete; whole-series exceptions cancel unchanged / confirm clears",
    "PWB-002 AC-08..13/17 normal UI information CRUD, future filtering, Unscheduled exclusion, Week navigation/edit reflected Month/Today, moved acknowledgement isolation",
    "PWB-002 AC-16/18 packaged full-V0 snapshot and validated restore preserve complete identities/links/exceptions/ack; native backup pickers stubbed only"
  ],
  "runtime": {
    "packaged": true,
    "versions": {
      "node": "24.11.1",
      "acorn": "8.15.0",
      "ada": "3.3.0",
      "amaro": "1.1.4",
      "ares": "1.34.5",
      "brotli": "1.0.9",
      "cjs_module_lexer": "2.1.0",
      "cldr": "47.0",
      "icu": "77.1",
      "llhttp": "9.3.0",
      "modules": "143",
      "napi": "10",
      "nbytes": "0.1.1",
      "ncrypto": "0.0.1",
      "nghttp2": "1.66.0",
      "openssl": "0.0.0",
      "simdjson": "4.0.7",
      "simdutf": "7.7.0",
      "sqlite": "3.50.4",
      "tz": "2025b",
      "undici": "7.16.0",
      "unicode": "16.0",
      "uv": "1.51.0",
      "uvwasi": "0.0.23",
      "v8": "14.4.258.16-electron.0",
      "zlib": "1.3.1",
      "zstd": "1.5.8",
      "electron": "40.0.0",
      "chrome": "144.0.7559.60"
    },
    "dataPath": "C:\\Users\\MRVHREVO\\AppData\\Local\\Temp\\pwb-packaged-EDUgef",
    "tray": true
  },
  "result": "FAIL",
  "error": "TimeoutError: locator.click: Timeout 30000ms exceeded.\nCall log:\n\u001b[2m  - waiting for getByRole('button', { name: '删除循环日程 审计循环 2', exact: true })\u001b[22m\n"
}
node:internal/modules/run_main:107
    triggerUncaughtException(
    ^

locator.click: Timeout 30000ms exceeded.
Call log:
  - waiting for getByRole('button', { name: '删除循环日程 审计循环 2', exact: true })

    at verifyReliability (D:\AI\Projects\Workbench\scripts\可靠性验证.mjs:121:39)
    at async file:///D:/AI/Projects/Workbench/scripts/%E6%89%93%E5%8C%85%E9%AA%8C%E8%AF%81.mjs:239:3 {
  name: 'TimeoutError'
}

Node.js v24.11.0
